<?xml version="1.0" encoding="UTF-8"?>
<!DOCTYPE html PUBLIC "-//W3C//DTD XHTML 1.0 Strict//EN" "http://www.w3.org/TR/xhtml1/DTD/xhtml1-strict.dtd">
<html xmlns="http://www.w3.org/1999/xhtml"><div><br /><br /><br /><br />Author: Pavel Tisnovsky &lt;<a href='mailto:ptisnovs@redhat.com'>ptisnovs@redhat.com</a>&gt</div></html>