<?xml version="1.0" encoding="UTF-8"?>
<!DOCTYPE html PUBLIC "-//W3C//DTD XHTML 1.0 Strict//EN" "http://www.w3.org/TR/xhtml1/DTD/xhtml1-strict.dtd">
<html xmlns="http://www.w3.org/1999/xhtml"><head><title>Hurvinek</title><meta content="Pavel Tisnovsky" name="Author" /><meta content="Clojure" name="Generator" /><meta content="text/html; charset=utf-8" http-equiv="Content-type" /><link href="http://10.20.30.40/bootstrap.min.css" rel="stylesheet" type="text/css" /><link href="http://10.20.30.40/hurvinek.css" rel="stylesheet" type="text/css" /><script src="http://10.20.30.40/hurvinek.js" type="text/javascript"></script></head></html>