<?xml version="1.0" encoding="UTF-8"?>
<!DOCTYPE html PUBLIC "-//W3C//DTD XHTML 1.0 Strict//EN" "http://www.w3.org/TR/xhtml1/DTD/xhtml1-strict.dtd">
<html xmlns="http://www.w3.org/1999/xhtml"><nav class="navbar navbar-inverse navbar-fixed-top" role="navigation"><div class="container-fluid"><div class="row"><div class="col-md-7"><div class="navbar-header"><a class="navbar-brand" href="http://www.example.org"></a></div></div></div></div></nav></html>